Copyright 1986-2022 Xilinx, Inc. All Rights Reserved. Copyright 2022-2025 Advanced Micro Devices, Inc. All Rights Reserved.
---------------------------------------------------------------------------------------------------------------------------------------------
| Tool Version : Vivado v.2025.1 (lin64) Build 6140274 Wed May 21 22:58:25 MDT 2025
| Date         : Wed Dec 10 13:39:50 2025
| Host         : eecs-digital-42 running 64-bit Ubuntu 24.04.3 LTS
| Command      : upgrade_ip
| Device       : xczu48dr-ffvg1517-2-e
---------------------------------------------------------------------------------------------------------------------------------------------

Upgrade Log for IP 'design_1_top_0_0'

1. Summary
----------

SUCCESS in the upgrade of design_1_top_0_0 (user.org:user:top:1.0) from (Rev. 17) to (Rev. 18)






Copyright 1986-2022 Xilinx, Inc. All Rights Reserved. Copyright 2022-2025 Advanced Micro Devices, Inc. All Rights Reserved.
---------------------------------------------------------------------------------------------------------------------------------------------
| Tool Version : Vivado v.2025.1 (lin64) Build 6140274 Wed May 21 22:58:25 MDT 2025
| Date         : Wed Dec 10 13:29:46 2025
| Host         : eecs-digital-42 running 64-bit Ubuntu 24.04.3 LTS
| Command      : upgrade_ip
| Device       : xczu48dr-ffvg1517-2-e
---------------------------------------------------------------------------------------------------------------------------------------------

Upgrade Log for IP 'design_1_top_0_0'

1. Summary
----------

SUCCESS in the upgrade of design_1_top_0_0 (user.org:user:top:1.0) from (Rev. 16) to (Rev. 17)






Copyright 1986-2022 Xilinx, Inc. All Rights Reserved. Copyright 2022-2025 Advanced Micro Devices, Inc. All Rights Reserved.
---------------------------------------------------------------------------------------------------------------------------------------------
| Tool Version : Vivado v.2025.1 (lin64) Build 6140274 Wed May 21 22:58:25 MDT 2025
| Date         : Wed Dec 10 13:20:05 2025
| Host         : eecs-digital-42 running 64-bit Ubuntu 24.04.3 LTS
| Command      : upgrade_ip
| Device       : xczu48dr-ffvg1517-2-e
---------------------------------------------------------------------------------------------------------------------------------------------

Upgrade Log for IP 'design_1_top_0_0'

1. Summary
----------

SUCCESS in the upgrade of design_1_top_0_0 (user.org:user:top:1.0) from (Rev. 15) to (Rev. 16)






Copyright 1986-2022 Xilinx, Inc. All Rights Reserved. Copyright 2022-2025 Advanced Micro Devices, Inc. All Rights Reserved.
---------------------------------------------------------------------------------------------------------------------------------------------
| Tool Version : Vivado v.2025.1 (lin64) Build 6140274 Wed May 21 22:58:25 MDT 2025
| Date         : Wed Dec 10 12:50:06 2025
| Host         : eecs-digital-42 running 64-bit Ubuntu 24.04.3 LTS
| Command      : upgrade_ip
| Device       : xczu48dr-ffvg1517-2-e
---------------------------------------------------------------------------------------------------------------------------------------------

Upgrade Log for IP 'design_1_top_0_0'

1. Summary
----------

SUCCESS in the upgrade of design_1_top_0_0 (user.org:user:top:1.0) from (Rev. 14) to (Rev. 15)






Copyright 1986-2022 Xilinx, Inc. All Rights Reserved. Copyright 2022-2025 Advanced Micro Devices, Inc. All Rights Reserved.
---------------------------------------------------------------------------------------------------------------------------------------------
| Tool Version : Vivado v.2025.1 (lin64) Build 6140274 Wed May 21 22:58:25 MDT 2025
| Date         : Wed Dec 10 12:04:06 2025
| Host         : eecs-digital-42 running 64-bit Ubuntu 24.04.3 LTS
| Command      : upgrade_ip
| Device       : xczu48dr-ffvg1517-2-e
---------------------------------------------------------------------------------------------------------------------------------------------

Upgrade Log for IP 'design_1_top_0_0'

1. Summary
----------

SUCCESS in the upgrade of design_1_top_0_0 (user.org:user:top:1.0) from (Rev. 12) to (Rev. 14)






Copyright 1986-2022 Xilinx, Inc. All Rights Reserved. Copyright 2022-2025 Advanced Micro Devices, Inc. All Rights Reserved.
---------------------------------------------------------------------------------------------------------------------------------------------
| Tool Version : Vivado v.2025.1 (lin64) Build 6140274 Wed May 21 22:58:25 MDT 2025
| Date         : Wed Dec 10 11:03:38 2025
| Host         : eecs-digital-42 running 64-bit Ubuntu 24.04.3 LTS
| Command      : upgrade_ip
| Device       : xczu48dr-ffvg1517-2-e
---------------------------------------------------------------------------------------------------------------------------------------------

Upgrade Log for IP 'design_1_top_0_0'

1. Summary
----------

SUCCESS in the upgrade of design_1_top_0_0 (user.org:user:top:1.0) from (Rev. 11) to (Rev. 12)






Copyright 1986-2022 Xilinx, Inc. All Rights Reserved. Copyright 2022-2025 Advanced Micro Devices, Inc. All Rights Reserved.
---------------------------------------------------------------------------------------------------------------------------------------------
| Tool Version : Vivado v.2025.1 (lin64) Build 6140274 Wed May 21 22:58:25 MDT 2025
| Date         : Wed Dec 10 10:45:39 2025
| Host         : eecs-digital-42 running 64-bit Ubuntu 24.04.3 LTS
| Command      : upgrade_ip
| Device       : xczu48dr-ffvg1517-2-e
---------------------------------------------------------------------------------------------------------------------------------------------

Upgrade Log for IP 'design_1_top_0_0'

1. Summary
----------

SUCCESS in the upgrade of design_1_top_0_0 (user.org:user:top:1.0) from (Rev. 8) to (Rev. 11)






Copyright 1986-2022 Xilinx, Inc. All Rights Reserved. Copyright 2022-2025 Advanced Micro Devices, Inc. All Rights Reserved.
---------------------------------------------------------------------------------------------------------------------------------------------
| Tool Version : Vivado v.2025.1 (lin64) Build 6140274 Wed May 21 22:58:25 MDT 2025
| Date         : Wed Dec 10 10:11:15 2025
| Host         : eecs-digital-42 running 64-bit Ubuntu 24.04.3 LTS
| Command      : upgrade_ip
| Device       : xczu48dr-ffvg1517-2-e
---------------------------------------------------------------------------------------------------------------------------------------------

Upgrade Log for IP 'design_1_top_0_0'

1. Summary
----------

CAUTION (success, with warnings) in the upgrade of design_1_top_0_0 (user.org:user:top:1.0) from (Rev. 7) to (Rev. 8)

After upgrade, an IP may have parameter and port differences compared to the original customization. Please review the parameters within the IP customization GUI to ensure proper functionality. Also, please review the updated IP instantiation template to ensure proper connectivity, and update your design if required.

2. Connection Warnings
----------------------

Detected external port differences while upgrading 'design_1_top_0_0'. These changes may impact your design.


-Upgrade has removed port 'oddeven'

-Upgrade has removed port 'pixel'

-Upgrade has removed port 'sample_count'

-Upgrade has removed port 'state'

-Upgrade has removed port 'trigger'







Copyright 1986-2022 Xilinx, Inc. All Rights Reserved. Copyright 2022-2025 Advanced Micro Devices, Inc. All Rights Reserved.
---------------------------------------------------------------------------------------------------------------------------------------------
| Tool Version : Vivado v.2025.1 (lin64) Build 6140274 Wed May 21 22:58:25 MDT 2025
| Date         : Wed Dec 10 09:48:35 2025
| Host         : eecs-digital-42 running 64-bit Ubuntu 24.04.3 LTS
| Command      : upgrade_ip
| Device       : xczu48dr-ffvg1517-2-e
---------------------------------------------------------------------------------------------------------------------------------------------

Upgrade Log for IP 'design_1_top_0_0'

1. Summary
----------

CAUTION (success, with warnings) in the update of design_1_top_0_0 (user.org:user:top:1.0 (Rev. 7)) to current project options.

After upgrade, an IP may have parameter and port differences compared to the original customization. Please review the parameters within the IP customization GUI to ensure proper functionality. Also, please review the updated IP instantiation template to ensure proper connectivity, and update your design if required.

2. Connection Warnings
----------------------

Detected external port differences while upgrading 'design_1_top_0_0'. These changes may impact your design.


-Upgraded port 'MMIO_thresholds' width 96 differs from original width 128







Copyright 1986-2022 Xilinx, Inc. All Rights Reserved. Copyright 2022-2025 Advanced Micro Devices, Inc. All Rights Reserved.
---------------------------------------------------------------------------------------------------------------------------------------------
| Tool Version : Vivado v.2025.1 (lin64) Build 6140274 Wed May 21 22:58:25 MDT 2025
| Date         : Wed Dec 10 09:41:34 2025
| Host         : eecs-digital-42 running 64-bit Ubuntu 24.04.3 LTS
| Command      : upgrade_ip
| Device       : xczu48dr-ffvg1517-2-e
---------------------------------------------------------------------------------------------------------------------------------------------

Upgrade Log for IP 'design_1_mmio_interface_0_0'

1. Summary
----------

CAUTION (success, with warnings) in the upgrade of design_1_mmio_interface_0_0 (user.org:user:mmio_interface:1.0) from (Rev. 8) to (Rev. 9)

After upgrade, an IP may have parameter and port differences compared to the original customization. Please review the parameters within the IP customization GUI to ensure proper functionality. Also, please review the updated IP instantiation template to ensure proper connectivity, and update your design if required.

2. Connection Warnings
----------------------

Detected external port differences while upgrading 'design_1_mmio_interface_0_0'. These changes may impact your design.


-Upgraded port 'command' width 96 differs from original width 256







Copyright 1986-2022 Xilinx, Inc. All Rights Reserved. Copyright 2022-2025 Advanced Micro Devices, Inc. All Rights Reserved.
---------------------------------------------------------------------------------------------------------------------------------------------
| Tool Version : Vivado v.2025.1 (lin64) Build 6140274 Wed May 21 22:58:25 MDT 2025
| Date         : Tue Dec  9 22:01:09 2025
| Host         : eecs-digital-42 running 64-bit Ubuntu 24.04.3 LTS
| Command      : upgrade_ip
| Device       : xczu48dr-ffvg1517-2-e
---------------------------------------------------------------------------------------------------------------------------------------------

Upgrade Log for IP 'design_1_top_0_0'

1. Summary
----------

SUCCESS in the upgrade of design_1_top_0_0 (user.org:user:top:1.0) from (Rev. 6) to (Rev. 7)






Copyright 1986-2022 Xilinx, Inc. All Rights Reserved. Copyright 2022-2025 Advanced Micro Devices, Inc. All Rights Reserved.
---------------------------------------------------------------------------------------------------------------------------------------------
| Tool Version : Vivado v.2025.1 (lin64) Build 6140274 Wed May 21 22:58:25 MDT 2025
| Date         : Tue Dec  9 21:55:27 2025
| Host         : eecs-digital-42 running 64-bit Ubuntu 24.04.3 LTS
| Command      : upgrade_ip
| Device       : xczu48dr-ffvg1517-2-e
---------------------------------------------------------------------------------------------------------------------------------------------

Upgrade Log for IP 'design_1_mmio_interface_0_0'

1. Summary
----------

SUCCESS in the upgrade of design_1_mmio_interface_0_0 (user.org:user:mmio_interface:1.0) from (Rev. 7) to (Rev. 8)






Copyright 1986-2022 Xilinx, Inc. All Rights Reserved. Copyright 2022-2025 Advanced Micro Devices, Inc. All Rights Reserved.
---------------------------------------------------------------------------------------------------------------------------------------------
| Tool Version : Vivado v.2025.1 (lin64) Build 6140274 Wed May 21 22:58:25 MDT 2025
| Date         : Tue Dec  9 19:01:51 2025
| Host         : eecs-digital-42 running 64-bit Ubuntu 24.04.3 LTS
| Command      : upgrade_ip
| Device       : xczu48dr-ffvg1517-2-e
---------------------------------------------------------------------------------------------------------------------------------------------

Upgrade Log for IP 'design_1_top_0_0'

1. Summary
----------

SUCCESS in the upgrade of design_1_top_0_0 (user.org:user:top:1.0) from (Rev. 5) to (Rev. 6)






Copyright 1986-2022 Xilinx, Inc. All Rights Reserved. Copyright 2022-2025 Advanced Micro Devices, Inc. All Rights Reserved.
---------------------------------------------------------------------------------------------------------------------------------------------
| Tool Version : Vivado v.2025.1 (lin64) Build 6140274 Wed May 21 22:58:25 MDT 2025
| Date         : Tue Dec  9 18:15:12 2025
| Host         : eecs-digital-42 running 64-bit Ubuntu 24.04.3 LTS
| Command      : upgrade_ip
| Device       : xczu48dr-ffvg1517-2-e
---------------------------------------------------------------------------------------------------------------------------------------------

Upgrade Log for IP 'design_1_top_0_0'

1. Summary
----------

SUCCESS in the upgrade of design_1_top_0_0 (user.org:user:top:1.0) from (Rev. 4) to (Rev. 5)






Copyright 1986-2022 Xilinx, Inc. All Rights Reserved. Copyright 2022-2025 Advanced Micro Devices, Inc. All Rights Reserved.
---------------------------------------------------------------------------------------------------------------------------------------------
| Tool Version : Vivado v.2025.1 (lin64) Build 6140274 Wed May 21 22:58:25 MDT 2025
| Date         : Tue Dec  9 17:14:57 2025
| Host         : eecs-digital-42 running 64-bit Ubuntu 24.04.3 LTS
| Command      : upgrade_ip
| Device       : xczu48dr-ffvg1517-2-e
---------------------------------------------------------------------------------------------------------------------------------------------

Upgrade Log for IP 'design_1_top_0_0'

1. Summary
----------

SUCCESS in the upgrade of design_1_top_0_0 (user.org:user:top:1.0) from (Rev. 3) to (Rev. 4)






Copyright 1986-2022 Xilinx, Inc. All Rights Reserved. Copyright 2022-2025 Advanced Micro Devices, Inc. All Rights Reserved.
---------------------------------------------------------------------------------------------------------------------------------------------
| Tool Version : Vivado v.2025.1 (lin64) Build 6140274 Wed May 21 22:58:25 MDT 2025
| Date         : Tue Dec  9 14:07:46 2025
| Host         : eecs-digital-42 running 64-bit Ubuntu 24.04.3 LTS
| Command      : upgrade_ip
| Device       : xczu48dr-ffvg1517-2-e
---------------------------------------------------------------------------------------------------------------------------------------------

Upgrade Log for IP 'design_1_top_0_0'

1. Summary
----------

SUCCESS in the upgrade of design_1_top_0_0 (user.org:user:top:1.0) from (Rev. 2) to (Rev. 3)






Copyright 1986-2022 Xilinx, Inc. All Rights Reserved. Copyright 2022-2025 Advanced Micro Devices, Inc. All Rights Reserved.
---------------------------------------------------------------------------------------------------------------------------------------------
| Tool Version : Vivado v.2025.1 (lin64) Build 6140274 Wed May 21 22:58:25 MDT 2025
| Date         : Tue Dec  9 13:22:39 2025
| Host         : eecs-digital-42 running 64-bit Ubuntu 24.04.3 LTS
| Command      : upgrade_ip
| Device       : xczu48dr-ffvg1517-2-e
---------------------------------------------------------------------------------------------------------------------------------------------

Upgrade Log for IP 'design_1_mmio_interface_0_0'

1. Summary
----------

SUCCESS in the upgrade of design_1_mmio_interface_0_0 (user.org:user:mmio_interface:1.0) from (Rev. 6) to (Rev. 7)






Copyright 1986-2022 Xilinx, Inc. All Rights Reserved. Copyright 2022-2025 Advanced Micro Devices, Inc. All Rights Reserved.
---------------------------------------------------------------------------------------------------------------------------------------------
| Tool Version : Vivado v.2025.1 (lin64) Build 6140274 Wed May 21 22:58:25 MDT 2025
| Date         : Tue Dec  9 13:11:41 2025
| Host         : eecs-digital-42 running 64-bit Ubuntu 24.04.3 LTS
| Command      : upgrade_ip
| Device       : xczu48dr-ffvg1517-2-e
---------------------------------------------------------------------------------------------------------------------------------------------

Upgrade Log for IP 'design_1_mmio_interface_0_0'

1. Summary
----------

SUCCESS in the upgrade of design_1_mmio_interface_0_0 (user.org:user:mmio_interface:1.0) from (Rev. 5) to (Rev. 6)






Copyright 1986-2022 Xilinx, Inc. All Rights Reserved. Copyright 2022-2025 Advanced Micro Devices, Inc. All Rights Reserved.
---------------------------------------------------------------------------------------------------------------------------------------------
| Tool Version : Vivado v.2025.1 (lin64) Build 6140274 Wed May 21 22:58:25 MDT 2025
| Date         : Tue Dec  9 13:04:43 2025
| Host         : eecs-digital-42 running 64-bit Ubuntu 24.04.3 LTS
| Command      : upgrade_ip
| Device       : xczu48dr-ffvg1517-2-e
---------------------------------------------------------------------------------------------------------------------------------------------

Upgrade Log for IP 'design_1_mmio_interface_0_0'

1. Summary
----------

SUCCESS in the upgrade of design_1_mmio_interface_0_0 (user.org:user:mmio_interface:1.0) from (Rev. 4) to (Rev. 5)






Copyright 1986-2022 Xilinx, Inc. All Rights Reserved. Copyright 2022-2025 Advanced Micro Devices, Inc. All Rights Reserved.
---------------------------------------------------------------------------------------------------------------------------------------------
| Tool Version : Vivado v.2025.1 (lin64) Build 6140274 Wed May 21 22:58:25 MDT 2025
| Date         : Tue Dec  9 12:54:32 2025
| Host         : eecs-digital-42 running 64-bit Ubuntu 24.04.3 LTS
| Command      : upgrade_ip
| Device       : xczu48dr-ffvg1517-2-e
---------------------------------------------------------------------------------------------------------------------------------------------

Upgrade Log for IP 'design_1_mmio_interface_0_0'

1. Summary
----------

SUCCESS in the upgrade of design_1_mmio_interface_0_0 (user.org:user:mmio_interface:1.0) from (Rev. 3) to (Rev. 4)






Copyright 1986-2022 Xilinx, Inc. All Rights Reserved. Copyright 2022-2025 Advanced Micro Devices, Inc. All Rights Reserved.
---------------------------------------------------------------------------------------------------------------------------------------------
| Tool Version : Vivado v.2025.1 (lin64) Build 6140274 Wed May 21 22:58:25 MDT 2025
| Date         : Tue Dec  9 12:51:55 2025
| Host         : eecs-digital-42 running 64-bit Ubuntu 24.04.3 LTS
| Command      : upgrade_ip
| Device       : xczu48dr-ffvg1517-2-e
---------------------------------------------------------------------------------------------------------------------------------------------

Upgrade Log for IP 'design_1_mmio_interface_0_0'

1. Summary
----------

SUCCESS in the update of design_1_mmio_interface_0_0 (user.org:user:mmio_interface:1.0 (Rev. 3)) to current project options.

