Copyright 1986-2022 Xilinx, Inc. All Rights Reserved. Copyright 2022-2025 Advanced Micro Devices, Inc. All Rights Reserved.
---------------------------------------------------------------------------------------------------------------------------------------------
| Tool Version : Vivado v.2025.1 (lin64) Build 6140274 Wed May 21 22:58:25 MDT 2025
| Date         : Fri Dec 12 19:45:08 2025
| Host         : eecs-digital-42 running 64-bit Ubuntu 24.04.3 LTS
| Command      : report_utilization -file design_1_wrapper_utilization_placed.rpt -pb design_1_wrapper_utilization_placed.pb
| Design       : design_1_wrapper
| Device       : xczu48dr-ffvg1517-2-e
| Speed File   : -2
| Design State : Fully Placed
---------------------------------------------------------------------------------------------------------------------------------------------

Utilization Design Information

Table of Contents
-----------------
1. CLB Logic
1.1 Summary of Registers by Type
2. CLB Logic Distribution
3. BLOCKRAM
4. ARITHMETIC
5. I/O
6. CLOCK
7. ADVANCED
8. CONFIGURATION
9. Primitives
10. Black Boxes
11. Instantiated Netlists

1. CLB Logic
------------

+----------------------------+-------+-------+------------+-----------+-------+
|          Site Type         |  Used | Fixed | Prohibited | Available | Util% |
+----------------------------+-------+-------+------------+-----------+-------+
| CLB LUTs                   | 17015 |     0 |          0 |    425280 |  4.00 |
|   LUT as Logic             | 15597 |     0 |          0 |    425280 |  3.67 |
|   LUT as Memory            |  1418 |     0 |          0 |    213600 |  0.66 |
|     LUT as Distributed RAM |   178 |     0 |            |           |       |
|     LUT as Shift Register  |  1240 |     0 |            |           |       |
| CLB Registers              | 16634 |     0 |          0 |    850560 |  1.96 |
|   Register as Flip Flop    | 16634 |     0 |          0 |    850560 |  1.96 |
|   Register as Latch        |     0 |     0 |          0 |    850560 |  0.00 |
| CARRY8                     |   489 |     0 |          0 |     53160 |  0.92 |
| F7 Muxes                   |   489 |     0 |          0 |    212640 |  0.23 |
| F8 Muxes                   |     0 |     0 |          0 |    106320 |  0.00 |
| F9 Muxes                   |     0 |     0 |          0 |     53160 |  0.00 |
+----------------------------+-------+-------+------------+-----------+-------+
* Warning! LUT value is adjusted to account for LUT combining.


1.1 Summary of Registers by Type
--------------------------------

+-------+--------------+-------------+--------------+
| Total | Clock Enable | Synchronous | Asynchronous |
+-------+--------------+-------------+--------------+
| 0     |            _ |           - |            - |
| 0     |            _ |           - |          Set |
| 0     |            _ |           - |        Reset |
| 0     |            _ |         Set |            - |
| 0     |            _ |       Reset |            - |
| 0     |          Yes |           - |            - |
| 41    |          Yes |           - |          Set |
| 343   |          Yes |           - |        Reset |
| 789   |          Yes |         Set |            - |
| 15461 |          Yes |       Reset |            - |
+-------+--------------+-------------+--------------+


2. CLB Logic Distribution
-------------------------

+--------------------------------------------+-------+-------+------------+-----------+-------+
|                  Site Type                 |  Used | Fixed | Prohibited | Available | Util% |
+--------------------------------------------+-------+-------+------------+-----------+-------+
| CLB                                        |  3794 |     0 |          0 |     53160 |  7.14 |
|   CLBL                                     |  1881 |     0 |            |           |       |
|   CLBM                                     |  1913 |     0 |            |           |       |
| LUT as Logic                               | 15597 |     0 |          0 |    425280 |  3.67 |
|   using O5 output only                     |   438 |       |            |           |       |
|   using O6 output only                     | 11849 |       |            |           |       |
|   using O5 and O6                          |  3310 |       |            |           |       |
| LUT as Memory                              |  1418 |     0 |          0 |    213600 |  0.66 |
|   LUT as Distributed RAM                   |   178 |     0 |            |           |       |
|     using O5 output only                   |     0 |       |            |           |       |
|     using O6 output only                   |     6 |       |            |           |       |
|     using O5 and O6                        |   172 |       |            |           |       |
|   LUT as Shift Register                    |  1240 |     0 |            |           |       |
|     using O5 output only                   |     0 |       |            |           |       |
|     using O6 output only                   |   810 |       |            |           |       |
|     using O5 and O6                        |   430 |       |            |           |       |
| CLB Registers                              | 16634 |     0 |          0 |    850560 |  1.96 |
|   Register driven from within the CLB      |  8734 |       |            |           |       |
|   Register driven from outside the CLB     |  7900 |       |            |           |       |
|     LUT in front of the register is unused |  5273 |       |            |           |       |
|     LUT in front of the register is used   |  2627 |       |            |           |       |
| Unique Control Sets                        |  1088 |       |          0 |    106320 |  1.02 |
+--------------------------------------------+-------+-------+------------+-----------+-------+
* * Note: Available Control Sets calculated as Slices * 2, Review the Control Sets Report for more information regarding control sets.


3. BLOCKRAM
-----------

+-------------------+-------+-------+------------+-----------+-------+
|     Site Type     |  Used | Fixed | Prohibited | Available | Util% |
+-------------------+-------+-------+------------+-----------+-------+
| Block RAM Tile    | 375.5 |     0 |          0 |      1080 | 34.77 |
|   RAMB36/FIFO*    |   375 |     0 |          0 |      1080 | 34.72 |
|     RAMB36E2 only |   375 |       |            |           |       |
|   RAMB18          |     1 |     0 |          0 |      2160 |  0.05 |
|     RAMB18E2 only |     1 |       |            |           |       |
| URAM              |     0 |     0 |          0 |        80 |  0.00 |
+-------------------+-------+-------+------------+-----------+-------+
* Note: Each Block RAM Tile only has one FIFO logic available and therefore can accommodate only one FIFO36E2 or one FIFO18E2. However, if a FIFO18E2 occupies a Block RAM Tile, that tile can still accommodate a RAMB18E2


4. ARITHMETIC
-------------

+----------------+------+-------+------------+-----------+-------+
|    Site Type   | Used | Fixed | Prohibited | Available | Util% |
+----------------+------+-------+------------+-----------+-------+
| DSPs           |   28 |     0 |          0 |      4272 |  0.66 |
|   DSP48E2 only |   28 |       |            |           |       |
+----------------+------+-------+------------+-----------+-------+


5. I/O
------

+------------------+------+-------+------------+-----------+-------+
|     Site Type    | Used | Fixed | Prohibited | Available | Util% |
+------------------+------+-------+------------+-----------+-------+
| Bonded IOB       |    0 |     0 |          0 |       347 |  0.00 |
|   HPIOB_M        |    0 |     0 |          0 |       138 |  0.00 |
|   HPIOB_S        |    0 |     0 |          0 |       138 |  0.00 |
|   HDIOB_M        |    0 |     0 |          0 |        24 |  0.00 |
|   HDIOB_S        |    0 |     0 |          0 |        24 |  0.00 |
|   HPIOB_SNGL     |    0 |     0 |          0 |        23 |  0.00 |
| HPIOBDIFFINBUF   |    0 |     0 |          0 |       192 |  0.00 |
| HPIOBDIFFOUTBUF  |    0 |     0 |          0 |       192 |  0.00 |
| HDIOBDIFFINBUF   |    0 |     0 |          0 |        72 |  0.00 |
| BITSLICE_CONTROL |    0 |     0 |          0 |        64 |  0.00 |
| BITSLICE_RX_TX   |    0 |     0 |          0 |      2496 |  0.00 |
| BITSLICE_TX      |    0 |     0 |          0 |        64 |  0.00 |
| RIU_OR           |    0 |     0 |          0 |        32 |  0.00 |
+------------------+------+-------+------------+-----------+-------+


6. CLOCK
--------

+------------+------+-------+------------+-----------+-------+
|  Site Type | Used | Fixed | Prohibited | Available | Util% |
+------------+------+-------+------------+-----------+-------+
| BUFGCE     |    1 |     0 |          0 |       216 |  0.46 |
| BUFGCE_DIV |    0 |     0 |          0 |        32 |  0.00 |
| BUFG_GT    |    1 |     0 |          0 |       312 |  0.32 |
| BUFG_PS    |    1 |     0 |          0 |        72 |  1.39 |
| BUFGCTRL*  |    0 |     0 |          0 |        64 |  0.00 |
| PLL        |    0 |     0 |          0 |        16 |  0.00 |
| MMCM       |    0 |     0 |          0 |         8 |  0.00 |
+------------+------+-------+------------+-----------+-------+
* Note: Each used BUFGCTRL counts as two GLOBAL CLOCK BUFFERs. This table does not include global clocking resources, only buffer cell usage. See the Clock Utilization Report (report_clock_utilization) for detailed accounting of global clocking resource availability.


7. ADVANCED
-----------

+-----------------+------+-------+------------+-----------+--------+
|    Site Type    | Used | Fixed | Prohibited | Available |  Util% |
+-----------------+------+-------+------------+-----------+--------+
| CMACE4          |    0 |     0 |          0 |         2 |   0.00 |
| FE              |    0 |     0 |          0 |         8 |   0.00 |
| GTYE4_CHANNEL   |    0 |     0 |          0 |        16 |   0.00 |
| GTYE4_COMMON    |    0 |     0 |          0 |         4 |   0.00 |
| ILKNE4          |    0 |     0 |          0 |         1 |   0.00 |
| OBUFDS_GTE4     |    0 |     0 |          0 |         8 |   0.00 |
| OBUFDS_GTE4_ADV |    0 |     0 |          0 |         8 |   0.00 |
| PCIE4CE4        |    0 |     0 |          0 |         2 |   0.00 |
| PS8             |    1 |     0 |          0 |         1 | 100.00 |
| RFADC           |    4 |     4 |          0 |         4 | 100.00 |
| RFDAC           |    4 |     4 |          0 |         4 | 100.00 |
| SYSMONE4        |    0 |     0 |          0 |         1 |   0.00 |
| RFADC_13B4W_M0  |    0 |     0 |          0 |         4 |   0.00 |
+-----------------+------+-------+------------+-----------+--------+


8. CONFIGURATION
----------------

+-------------+------+-------+------------+-----------+-------+
|  Site Type  | Used | Fixed | Prohibited | Available | Util% |
+-------------+------+-------+------------+-----------+-------+
| BSCANE2     |    1 |     0 |          0 |         4 | 25.00 |
| DNA_PORTE2  |    0 |     0 |          0 |         1 |  0.00 |
| EFUSE_USR   |    0 |     0 |          0 |         1 |  0.00 |
| FRAME_ECCE4 |    0 |     0 |          0 |         1 |  0.00 |
| ICAPE3      |    0 |     0 |          0 |         2 |  0.00 |
| MASTER_JTAG |    0 |     0 |          0 |         1 |  0.00 |
| STARTUPE3   |    0 |     0 |          0 |         1 |  0.00 |
+-------------+------+-------+------------+-----------+-------+


9. Primitives
-------------

+--------------+-------+---------------------+
|   Ref Name   |  Used | Functional Category |
+--------------+-------+---------------------+
| FDRE         | 15461 |            Register |
| LUT6         |  5819 |                 CLB |
| LUT3         |  3532 |                 CLB |
| LUT4         |  3264 |                 CLB |
| LUT5         |  2756 |                 CLB |
| LUT2         |  1977 |                 CLB |
| LUT1         |  1559 |                 CLB |
| SRL16E       |  1071 |                 CLB |
| FDSE         |   789 |            Register |
| SRLC32E      |   597 |                 CLB |
| MUXF7        |   489 |                 CLB |
| CARRY8       |   489 |                 CLB |
| RAMB36E2     |   375 |            BLOCKRAM |
| FDCE         |   343 |            Register |
| RAMD32       |   308 |                 CLB |
| RAMS32       |    42 |                 CLB |
| FDPE         |    41 |            Register |
| DSP48E2      |    28 |          Arithmetic |
| RFDAC        |     4 |            Advanced |
| RFADC        |     4 |            Advanced |
| SRLC16E      |     2 |                 CLB |
| RAMB18E2     |     1 |            BLOCKRAM |
| PS8          |     1 |            Advanced |
| BUFG_PS      |     1 |               Clock |
| BUFG_GT_SYNC |     1 |               Clock |
| BUFG_GT      |     1 |               Clock |
| BUFGCE       |     1 |               Clock |
| BSCANE2      |     1 |       Configuration |
+--------------+-------+---------------------+


10. Black Boxes
---------------

+----------+------+
| Ref Name | Used |
+----------+------+


11. Instantiated Netlists
-------------------------

+------------------------------------+------+
|              Ref Name              | Used |
+------------------------------------+------+
| design_1_zynq_ultra_ps_e_0_0       |    1 |
| design_1_xpm_cdc_gen_0_0           |    1 |
| design_1_usp_rf_data_converter_0_0 |    1 |
| design_1_top_test_0_0              |    1 |
| design_1_proc_sys_reset_1_0        |    1 |
| design_1_proc_sys_reset_0_0        |    1 |
| design_1_mmio_interface_0_0        |    1 |
| design_1_iq_framer_0_0             |    1 |
| design_1_ila_0_0                   |    1 |
| design_1_fir_compiler_0_1          |    1 |
| design_1_fir_compiler_0_0          |    1 |
| design_1_cic_compiler_0_1          |    1 |
| design_1_cic_compiler_0_0          |    1 |
| design_1_axis_data_fifo_0_0        |    1 |
| design_1_axi_smc_1_0               |    1 |
| design_1_axi_smc_0                 |    1 |
| design_1_axi_dma_0_0               |    1 |
| dbg_hub                            |    1 |
+------------------------------------+------+


