Copyright 1986-2022 Xilinx, Inc. All Rights Reserved. Copyright 2022-2025 Advanced Micro Devices, Inc. All Rights Reserved.
----------------------------------------------------------------------------------------------------------------------------------------------------------------------
| Tool Version     : Vivado v.2025.1 (lin64) Build 6140274 Wed May 21 22:58:25 MDT 2025
| Date             : Fri Dec 12 19:46:27 2025
| Host             : eecs-digital-42 running 64-bit Ubuntu 24.04.3 LTS
| Command          : report_power -file design_1_wrapper_power_routed.rpt -pb design_1_wrapper_power_summary_routed.pb -rpx design_1_wrapper_power_routed.rpx
| Design           : design_1_wrapper
| Device           : xczu48dr-ffvg1517-2-e
| Design State     : routed
| Grade            : extended
| Process          : typical
| Characterization : Production
----------------------------------------------------------------------------------------------------------------------------------------------------------------------

Power Report

Table of Contents
-----------------
1. Summary
1.1 On-Chip Components
1.2 Power Supply Summary
1.3 Confidence Level
2. Settings
2.1 Environment
2.2 Clock Constraints
3. Detailed Reports
3.1 By Hierarchy

1. Summary
----------

+--------------------------+--------------+
| Total On-Chip Power (W)  | 5.504        |
| Design Power Budget (W)  | Unspecified* |
| Power Budget Margin (W)  | NA           |
| Dynamic (W)              | 4.212        |
| Device Static (W)        | 1.292        |
| Effective TJA (C/W)      | 0.8          |
| Max Ambient (C)          | 95.4         |
| Junction Temperature (C) | 29.6         |
| Confidence Level         | Medium       |
| Setting File             | ---          |
| Simulation Activity File | ---          |
| Design Nets Matched      | NA           |
+--------------------------+--------------+
* Specify Design Power Budget using, set_operating_conditions -design_power_budget <value in Watts>


1.1 On-Chip Components
----------------------

+--------------------------+-----------+----------+-----------+-----------------+
| On-Chip                  | Power (W) | Used     | Available | Utilization (%) |
+--------------------------+-----------+----------+-----------+-----------------+
| Clocks                   |     0.082 |       12 |       --- |             --- |
| CLB Logic                |     0.054 |    41253 |       --- |             --- |
|   LUT as Logic           |     0.037 |    15597 |    425280 |            3.67 |
|   LUT as Distributed RAM |     0.008 |      178 |    213600 |            0.08 |
|   LUT as Shift Register  |     0.005 |     1240 |    213600 |            0.58 |
|   Register               |     0.003 |    16634 |    850560 |            1.96 |
|   CARRY8                 |     0.002 |      489 |     53160 |            0.92 |
|   Others                 |     0.000 |     2714 |       --- |             --- |
|   F7/F8 Muxes            |     0.000 |      489 |    425280 |            0.11 |
| Signals                  |     0.062 |    34582 |       --- |             --- |
| Block RAM                |     0.081 |    375.5 |      1080 |           34.77 |
| RFAMS                    |     1.539 |        8 |       --- |             --- |
|   RFDAC                  |     1.018 |        4 |         4 |          100.00 |
|   RFADC                  |     0.521 |        4 |         4 |          100.00 |
| DSPs                     |     0.005 |       28 |      4272 |            0.66 |
| PS8                      |     2.388 |        1 |       --- |             --- |
| Static Power             |     1.292 |          |           |                 |
|   PS Static              |     0.099 |          |           |                 |
|   PL Static              |     1.193 |          |           |                 |
| Total                    |     5.504 |          |           |                 |
+--------------------------+-----------+----------+-----------+-----------------+


1.2 Power Supply Summary
------------------------

+------------------+-------------+-----------+-------------+------------+-------------+-------------+------------+
| Source           | Voltage (V) | Total (A) | Dynamic (A) | Static (A) | Powerup (A) | Budget (A)  | Margin (A) |
+------------------+-------------+-----------+-------------+------------+-------------+-------------+------------+
| Vccint           |       0.850 |     0.656 |       0.333 |      0.323 |       NA    | Unspecified | NA         |
| Vccint_io        |       0.850 |     0.071 |       0.000 |      0.071 |       NA    | Unspecified | NA         |
| Vccbram          |       0.850 |     0.007 |       0.002 |      0.005 |       NA    | Unspecified | NA         |
| Vccaux           |       1.800 |     0.278 |       0.000 |      0.278 |       NA    | Unspecified | NA         |
| Vccaux_io        |       1.800 |     0.058 |       0.000 |      0.058 |       NA    | Unspecified | NA         |
| Vcco33           |       3.300 |     0.000 |       0.000 |      0.000 |       NA    | Unspecified | NA         |
| Vcco25           |       2.500 |     0.000 |       0.000 |      0.000 |       NA    | Unspecified | NA         |
| Vcco18           |       1.800 |     0.000 |       0.000 |      0.000 |       NA    | Unspecified | NA         |
| Vcco15           |       1.500 |     0.000 |       0.000 |      0.000 |       NA    | Unspecified | NA         |
| Vcco135          |       1.350 |     0.000 |       0.000 |      0.000 |       NA    | Unspecified | NA         |
| Vcco12           |       1.200 |     0.000 |       0.000 |      0.000 |       NA    | Unspecified | NA         |
| Vcco10           |       1.000 |     0.000 |       0.000 |      0.000 |       NA    | Unspecified | NA         |
| Vccadc           |       1.800 |     0.008 |       0.000 |      0.008 |       NA    | Unspecified | NA         |
| VCC_PSINTFP      |       0.850 |     0.518 |       0.484 |      0.034 |       NA    | Unspecified | NA         |
| VCC_PSINTLP      |       0.850 |     0.274 |       0.267 |      0.007 |       NA    | Unspecified | NA         |
| VPS_MGTRAVCC     |       0.850 |     0.135 |       0.134 |      0.001 |       NA    | Unspecified | NA         |
| VCC_PSINTFP_DDR  |       0.850 |     0.821 |       0.816 |      0.004 |       NA    | Unspecified | NA         |
| VCC_PSPLL        |       1.200 |     0.073 |       0.071 |      0.002 |       NA    | Unspecified | NA         |
| VPS_MGTRAVTT     |       1.800 |     0.034 |       0.033 |      0.001 |       NA    | Unspecified | NA         |
| VCCO_PSDDR_504   |       1.200 |     0.677 |       0.643 |      0.034 |       NA    | Unspecified | NA         |
| VCC_PSAUX        |       1.800 |     0.002 |       0.000 |      0.002 |       NA    | Unspecified | NA         |
| VCC_PSBATT       |       1.200 |     0.000 |       0.000 |      0.000 |       NA    | Unspecified | NA         |
| VCC_PSDDR_PLL    |       1.800 |     0.001 |       0.000 |      0.001 |       NA    | Unspecified | NA         |
| VCCO_PSIO0_500   |       3.300 |     0.008 |       0.007 |      0.001 |       NA    | Unspecified | NA         |
| VCCO_PSIO1_501   |       1.800 |     0.001 |       0.000 |      0.001 |       NA    | Unspecified | NA         |
| VCCO_PSIO2_502   |       1.800 |     0.001 |       0.000 |      0.001 |       NA    | Unspecified | NA         |
| VCCO_PSIO3_503   |       1.800 |     0.001 |       0.000 |      0.001 |       NA    | Unspecified | NA         |
| VCC_PSADC        |       1.800 |     0.002 |       0.000 |      0.002 |       NA    | Unspecified | NA         |
| VCCINT_AMS       |       0.850 |     1.297 |       1.272 |      0.025 |       NA    | Unspecified | NA         |
| DACAVCC          |       0.925 |     0.011 |       0.000 |      0.011 |       NA    | Unspecified | NA         |
| DACAVCCAUX       |       1.800 |     0.001 |       0.000 |      0.001 |       NA    | Unspecified | NA         |
| DACAVTT          |       2.500 |     0.010 |       0.000 |      0.010 |       NA    | Unspecified | NA         |
| ADCAVCC          |       0.925 |     0.275 |       0.163 |      0.112 |       NA    | Unspecified | NA         |
| ADCAVCCAUX       |       1.800 |     0.197 |       0.170 |      0.027 |       NA    | Unspecified | NA         |
| VCCSDFEC         |       0.850 |     0.031 |       0.000 |      0.031 |       NA    | Unspecified | NA         |
| VMGTAVCC (GTY)   |       0.900 |     0.000 |       0.000 |      0.000 |       NA    | Unspecified | NA         |
| VMGTAVTT (GTY)   |       1.200 |     0.000 |       0.000 |      0.000 |       NA    | Unspecified | NA         |
| VMGTVCCAUX (GTY) |       1.800 |     0.000 |       0.000 |      0.000 |       NA    | Unspecified | NA         |
+------------------+-------------+-----------+-------------+------------+-------------+-------------+------------+


1.3 Confidence Level
--------------------

+-----------------------------+------------+------------------------------------------------+------------------------------------------------------------------------------------------------------------+
| User Input Data             | Confidence | Details                                        | Action                                                                                                     |
+-----------------------------+------------+------------------------------------------------+------------------------------------------------------------------------------------------------------------+
| Design implementation state | High       | Design is routed                               |                                                                                                            |
| Clock nodes activity        | High       | User specified more than 95% of clocks         |                                                                                                            |
| I/O nodes activity          | High       | User specified more than 95% of inputs         |                                                                                                            |
| Internal nodes activity     | Medium     | User specified less than 25% of internal nodes | Provide missing internal nodes activity with simulation results or by editing the "By Resource Type" views |
| Device models               | High       | Device models are Production                   |                                                                                                            |
|                             |            |                                                |                                                                                                            |
| Overall confidence level    | Medium     |                                                |                                                                                                            |
+-----------------------------+------------+------------------------------------------------+------------------------------------------------------------------------------------------------------------+


2. Settings
-----------

2.1 Environment
---------------

+-----------------------+--------------------------+
| Ambient Temp (C)      | 25.0                     |
| ThetaJA (C/W)         | 0.8                      |
| Airflow (LFM)         | 250                      |
| Heat Sink             | medium (Medium Profile)  |
| ThetaSA (C/W)         | 1.2                      |
| Board Selection       | medium (10"x10")         |
| # of Board Layers     | 12to15 (12 to 15 Layers) |
| Board Temperature (C) | 25.0                     |
+-----------------------+--------------------------+


2.2 Clock Constraints
---------------------

+-----------------------------------------------------------------------------------------------------+----------------------------------------------------------------------------------------------------+-----------------+
| Clock                                                                                               | Domain                                                                                             | Constraint (ns) |
+-----------------------------------------------------------------------------------------------------+----------------------------------------------------------------------------------------------------+-----------------+
| RFADC2_CLK                                                                                          | design_1_i/usp_rf_data_converter_0/inst/design_1_usp_rf_data_converter_0_0_rf_wrapper_i/clk_adc2_i |            15.6 |
| clk_pl_0                                                                                            | design_1_i/zynq_ultra_ps_e_0/inst/pl_clk_unbuffered[0]                                             |             6.7 |
| dbg_hub/inst/BSCANID.u_xsdbm_id/SWITCH_N_EXT_BSCAN.bscan_inst/SERIES7_BSCAN.bscan_inst/INTERNAL_TCK | dbg_hub/inst/BSCANID.u_xsdbm_id/SWITCH_N_EXT_BSCAN.bscan_inst/DRCK                                 |            50.0 |
+-----------------------------------------------------------------------------------------------------+----------------------------------------------------------------------------------------------------+-----------------+


3. Detailed Reports
-------------------

3.1 By Hierarchy
----------------

+-----------------------------+-----------+
| Name                        | Power (W) |
+-----------------------------+-----------+
| design_1_wrapper            |     4.212 |
|   dbg_hub                   |     0.002 |
|     inst                    |     0.002 |
|       BSCANID.u_xsdbm_id    |     0.002 |
|   design_1_i                |     4.210 |
|     axi_dma_0               |     0.009 |
|       U0                    |     0.009 |
|     axi_smc                 |     0.063 |
|       inst                  |     0.063 |
|     axi_smc_1               |     0.014 |
|       inst                  |     0.014 |
|     axis_data_fifo_0        |     0.003 |
|       inst                  |     0.003 |
|     cic_compiler_0          |     0.003 |
|       U0                    |     0.003 |
|     cic_compiler_1          |     0.003 |
|       U0                    |     0.003 |
|     fir_compiler_0          |     0.004 |
|       U0                    |     0.004 |
|     fir_compiler_1          |     0.004 |
|       U0                    |     0.004 |
|     ila_0                   |     0.097 |
|       inst                  |     0.097 |
|     mmio_interface_0        |     0.002 |
|       inst                  |     0.002 |
|     top_test_0              |     0.032 |
|       inst                  |     0.032 |
|     usp_rf_data_converter_0 |     1.585 |
|       inst                  |     1.585 |
|     xpm_cdc_gen_0           |     0.002 |
|       inst                  |     0.002 |
|     zynq_ultra_ps_e_0       |     2.390 |
|       inst                  |     2.390 |
+-----------------------------+-----------+


