Vivado Simulator v2025.1.0
Copyright 1986-2022 Xilinx, Inc. All Rights Reserved.
Copyright 2022-2025 Advanced Micro Devices, Inc. All Rights Reserved.
Running: /tools/Xilinx/2025.1/Vivado/bin/unwrapped/lnx64.o/xelab -top top -snapshot pybound_sim work.cocotb_vivado_dump -L xpm -L secureip -dll -debug wave 
Multi-threading is on. Using 14 slave threads.
WARNING: [XSIM 43-3431] One or more environment variables have been detected which affect the operation of the C compiler. These are typically not set in standard installations and are not tested by AMD, however they may be appropriate for your system, so the flow will attempt to continue.  If errors occur, try running xelab with the "-mt off -v 1" switches to see more information from the C compiler. The following environment variables have been detected:
Starting static elaboration
Pass Through NonSizing Optimizer
WARNING: [VRFC 10-8967] first argument of $fatal is invalid; expected 0, 1 or 2 [/home/thagenlo/Desktop/rfsoc-ntsc-decoder/hdl/cordic.sv:72]
Completed static elaboration
INFO: [XSIM 43-4329] Assuming default value 1 for the first arguement of $fatal at Line 72, File /home/thagenlo/Desktop/rfsoc-ntsc-decoder/hdl/cordic.sv
Starting simulation data flow analysis
Completed simulation data flow analysis
Time Resolution for simulation is 1ps
Compiling module work.cordic_default
Compiling module work.sync_detector_axis
Compiling module work.video_data_decoder_default
Compiling module work.top
Compiling module work.cocotb_vivado_dump
Built XSI simulation shared library xsim.dir/pybound_sim/xsimk.so
